// Jest Snapshot v1, https://goo.gl/fbAQLP

exports[`QuantityControl Should match snapshots 1`] = `
<DocumentFragment>
  <div
    class="css-gg4vpm"
    data-testid="quantity"
  >
    <div
      class="css-hgou8i"
    >
      Quantity: 
    </div>
    <div
      class="css-k008qs"
    >
      <button
        class="css-1wf4v31"
        data-testid="increase-quantity-btn-beer1"
        type="button"
      >
        <svg
          aria-label="increase quantity of test product"
          class="css-zdnkem"
          focusable="false"
          role="presentation"
          viewBox="0 0 24 24"
        >
          <path
            d="M12.8,5.4c-0.377-0.504-1.223-0.504-1.6,0l-9,12c-0.228,0.303-0.264,0.708-0.095,1.047 C2.275,18.786,2.621,19,3,19h18c0.379,0,0.725-0.214,0.895-0.553c0.169-0.339,0.133-0.744-0.095-1.047L12.8,5.4z"
            fill="currentColor"
          />
        </svg>
      </button>
      <div
        class="css-rht8x5"
        data-testid="product-quantity-beer1"
      >
        2
      </div>
      <button
        alt="decrease quantity of test product"
        class="css-1wf4v31"
        data-testid="decrease-quantity-btn-beer1"
        type="button"
      >
        <svg
          aria-label="decrease quantity of test product"
          class="css-zdnkem"
          focusable="false"
          role="presentation"
          viewBox="0 0 24 24"
        >
          <path
            d="M21,5H3C2.621,5,2.275,5.214,2.105,5.553C1.937,5.892,1.973,6.297,2.2,6.6l9,12 c0.188,0.252,0.485,0.4,0.8,0.4s0.611-0.148,0.8-0.4l9-12c0.228-0.303,0.264-0.708,0.095-1.047C21.725,5.214,21.379,5,21,5z"
            fill="currentColor"
          />
        </svg>
      </button>
    </div>
  </div>
</DocumentFragment>
`;
